
> tajwater-temp@0.1.0 build
> next build

Ôû▓ Next.js 16.1.6 (Turbopack)
- Environments: .env.local

  Creating an optimized production build ...
Ô£ô Compiled successfully in 10.4s
  Running TypeScript ...
  Collecting page data using 11 workers ...
npm : ÔÜá Using edge runtime on a page currently disables static generation 
for that page
At line:1 char:1
+ npm run build 2>&1 | Tee-Object -FilePath "f:\tajwater\build-output.t ...
+ ~~~~~~~~~~~~~~~~~~
    + CategoryInfo          : NotSpecified: (ÔÜá Using edge ...n for that page 
   :String) [], RemoteException
    + FullyQualifiedErrorId : NativeCommandError
 
  Generating static pages using 11 workers (0/43) ...
  Generating static pages using 11 workers (10/43) 
  Generating static pages using 11 workers (21/43) 
  Generating static pages using 11 workers (32/43) 
Ô£ô Generating static pages using 11 workers (43/43) in 2.7s
  Finalizing page optimization ...

Route (app)
Ôöî Ôùï /
Ôö£ Ôùï /_not-found
Ôö£ Ôùï /about
Ôö£ Ôùï /admin
Ôö£ Ôùï /admin/access
Ôö£ Ôùï /admin/analytics
Ôö£ Ôùï /admin/audit
Ôö£ Ôùï /admin/content
Ôö£ Ôùï /admin/customers
Ôö£ ãÆ /admin/customers/[id]
Ôö£ Ôùï /admin/deliveries
Ôö£ Ôùï /admin/discounts
Ôö£ Ôùï /admin/login
Ôö£ Ôùï /admin/orders
Ôö£ Ôùï /admin/payments
Ôö£ Ôùï /admin/products
Ôö£ Ôùï /admin/services
Ôö£ Ôùï /admin/settings
Ôö£ Ôùï /admin/subscriptions
Ôö£ Ôùï /admin/tickets
Ôö£ ãÆ /api/admin/refund
Ôö£ ãÆ /api/admin/send-email
Ôö£ ãÆ /api/admin/send-status-email
Ôö£ ãÆ /api/create-payment-intent
Ôö£ ãÆ /api/invoice/[orderId]
Ôö£ ãÆ /api/newsletter
Ôö£ ãÆ /api/retry-payment
Ôö£ ãÆ /api/stripe/webhook
Ôö£ ãÆ /api/welcome-email
Ôö£ Ôùï /areas
Ôö£ ãÆ /auth/callback
Ôö£ Ôùï /auth/forgot
Ôö£ Ôùï /auth/login
Ôö£ Ôùï /auth/register
Ôö£ Ôùï /auth/reset-password
Ôö£ Ôùï /checkout
Ôö£ Ôùï /contact
Ôö£ Ôùï /dashboard
Ôö£ Ôùï /dashboard/orders
Ôö£ Ôùï /dashboard/profile
Ôö£ Ôùï /dashboard/subscription
Ôö£ Ôùï /dashboard/support
Ôö£ ãÆ /icon
Ôö£ Ôùï /legal/privacy
Ôö£ Ôùï /legal/terms
Ôö£ ãÆ /opengraph-image
Ôö£ Ôùï /robots.txt
Ôö£ Ôùï /services
Ôö£ Ôùï /shop
Ôöö Ôùï /sitemap.xml


ãÆ Proxy (Middleware)

Ôùï  (Static)   prerendered as static content
ãÆ  (Dynamic)  server-rendered on demand

